=== Hermes daily progress run: 20260914_082204 ===
.                                                                        [100%]
.............................................                            [100%]
........................................................................ [ 22%]
........................................................................ [ 44%]
................F
=================================== FAILURES ===================================
____________________ TestUserModel.test_comprehensive_model ____________________

self = <agent.memory.tests.test_memory.TestUserModel object at 0x10d320a50>

    def test_comprehensive_model(self):
        model = UserModel()
        history = UserHistory(user_id="u1", sessions=[SessionRecord(user_id="u1", summary="python ml")])
>       result = model.build_comprehensive_user_model(history)
                 ^^^^^^^^^^^^^^^^^^^^^^^^^^^^^^^^^^^^^^^^^^^^^

agent/memory/tests/test_memory.py:131: 
_ _ _ _ _ _ _ _ _ _ _ _ _ _ _ _ _ _ _ _ _ _ _ _ _ _ _ _ _ _ _ _ _ _ _ _ _ _ _ _ 

self = <agent.memory.core.user_model.UserModel object at 0x10d46e7b0>
history = UserHistory(user_id='u1', sessions=[SessionRecord(session_id='f2b8a42567d7', user_id='u1', created_at=datetime.datetim...iables={}, session_goals=[], summary='python ml', key_decisions=[], message_count=0, duration=0.0, access_control={})])

    def build_comprehensive_user_model(self, history: Any) -> Any:
        # PoC: build a simple aggregated model from UserHistory
        class Result:
            pass
        r = Result()
        r.user_id = getattr(history, 'user_id', None)
>       r.preference_profile = self.learn_user_preferences(getattr(history, 'sessions', []))
                               ^^^^^^^^^^^^^^^^^^^^^^^^^^^
E       AttributeError: 'UserModel' object has no attribute 'learn_user_preferences'

agent/memory/core/user_model.py:40: AttributeError
=========================== short test summary info ============================
FAILED agent/memory/tests/test_memory.py::TestUserModel::test_comprehensive_model
!!!!!!!!!!!!!!!!!!!!!!!!!! stopping after 1 failures !!!!!!!!!!!!!!!!!!!!!!!!!!!
Traceback (most recent call last):
  File "<stdin>", line 1, in <module>
  File "/Library/Frameworks/Python.framework/Versions/3.14/lib/python3.14/xml/etree/ElementTree.py", line 1214, in parse
    tree.parse(source, parser)
    ~~~~~~~~~~^^^^^^^^^^^^^^^^
  File "/Library/Frameworks/Python.framework/Versions/3.14/lib/python3.14/xml/etree/ElementTree.py", line 566, in parse
    source = open(source, "rb")
FileNotFoundError: [Errno 2] No such file or directory: '/Users/huchufan/Hermes/implementation/automation/coverage_daily_20260914_082204/coverage.xml'
