=== Hermes daily progress run: 20260914_081751 ===
.                                                                        [100%]
.....................F...............F.......                            [100%]
=================================== FAILURES ===================================
__________________ test_episodic_record_and_learned_patterns ___________________

    def test_episodic_record_and_learned_patterns():
        em = EpisodicMemory()
        ev1 = SystemEvent(type='job', actor='a', action='run', resource='r', session_id='s', conversation_id='c', result={}, success=True)
        ev2 = SystemEvent(type='job', actor='a', action='run', resource='r', session_id='s', conversation_id='c', result={}, success=True)
        ev3 = SystemEvent(type='job', actor='b', action='fail', resource='r', session_id='s', conversation_id='c', result={}, success=False, error='err')
        em.record_event(ev1)
        em.record_event(ev2)
        em.record_event(ev3)
>       patterns = em.extract_learned_patterns(time_window=timedelta(days=365))
                   ^^^^^^^^^^^^^^^^^^^^^^^^^^^
E       AttributeError: 'EpisodicMemory' object has no attribute 'extract_learned_patterns'

agent/memory/tests/test_layers_cover_more.py:67: AttributeError
______________________ test_episdodic_record_and_patterns ______________________

    def test_episdodic_record_and_patterns():
        em = EpisodicMemory()
        # create two events: one success with action 'A', one failure with error 'E'
        e1 = SystemEvent(type='type1', actor='actor1', action='A', resource=None, session_id=None, conversation_id=None, related_event_ids=[], result=None, success=True, error=None, consequences=None)
        e2 = SystemEvent(type='type1', actor='actor1', action='B', resource=None, session_id=None, conversation_id=None, related_event_ids=[], result=None, success=False, error='E', consequences=None)
        r1 = em.record_event(e1)
        r2 = em.record_event(e2)
>       patterns = em.extract_learned_patterns()
                   ^^^^^^^^^^^^^^^^^^^^^^^^^^^
E       AttributeError: 'EpisodicMemory' object has no attribute 'extract_learned_patterns'

agent/memory/tests/test_layers_more2.py:70: AttributeError
=========================== short test summary info ============================
FAILED agent/memory/tests/test_layers_cover_more.py::test_episodic_record_and_learned_patterns
FAILED agent/memory/tests/test_layers_more2.py::test_episdodic_record_and_patterns
........................................................................ [ 22%]
...................................F
=================================== FAILURES ===================================
__________________ test_episodic_record_and_learned_patterns ___________________

    def test_episodic_record_and_learned_patterns():
        em = EpisodicMemory()
        ev1 = SystemEvent(type='job', actor='a', action='run', resource='r', session_id='s', conversation_id='c', result={}, success=True)
        ev2 = SystemEvent(type='job', actor='a', action='run', resource='r', session_id='s', conversation_id='c', result={}, success=True)
        ev3 = SystemEvent(type='job', actor='b', action='fail', resource='r', session_id='s', conversation_id='c', result={}, success=False, error='err')
        em.record_event(ev1)
        em.record_event(ev2)
        em.record_event(ev3)
>       patterns = em.extract_learned_patterns(time_window=timedelta(days=365))
                   ^^^^^^^^^^^^^^^^^^^^^^^^^^^
E       AttributeError: 'EpisodicMemory' object has no attribute 'extract_learned_patterns'

agent/memory/tests/test_layers_cover_more.py:67: AttributeError
=========================== short test summary info ============================
FAILED agent/memory/tests/test_layers_cover_more.py::test_episodic_record_and_learned_patterns
!!!!!!!!!!!!!!!!!!!!!!!!!! stopping after 1 failures !!!!!!!!!!!!!!!!!!!!!!!!!!!
Traceback (most recent call last):
  File "<stdin>", line 1, in <module>
  File "/Library/Frameworks/Python.framework/Versions/3.14/lib/python3.14/xml/etree/ElementTree.py", line 1214, in parse
    tree.parse(source, parser)
    ~~~~~~~~~~^^^^^^^^^^^^^^^^
  File "/Library/Frameworks/Python.framework/Versions/3.14/lib/python3.14/xml/etree/ElementTree.py", line 566, in parse
    source = open(source, "rb")
FileNotFoundError: [Errno 2] No such file or directory: '/Users/huchufan/Hermes/implementation/automation/coverage_daily_20260914_081751/coverage.xml'
