=== Hermes daily progress run: 20260917_073352 ===
[Task 1] Multiagent health monitor tests...
.                                                                        [100%]
✓ Task 1 passed
[Task 2] Memory layer tests...
...............................................                          [100%]
✓ Task 2 passed
[Task 3] Full test coverage (conditional)...
........................................................................ [ 14%]
........................................................................ [ 29%]
........................................................................ [ 44%]
........................................................................ [ 59%]
........................................................................ [ 74%]
........................................................................ [ 89%]
...................................................                      [100%]
================================ tests coverage ================================
_______________ coverage: platform darwin, python 3.14.5-final-0 _______________

Coverage HTML written to dir /Users/huchufan/Hermes/implementation/automation/coverage_daily_20260917_073352/htmlcov
Coverage XML written to file /Users/huchufan/Hermes/implementation/automation/coverage_daily_20260917_073352/coverage.xml
✓ Task 3 passed
Wrote daily note: /Users/huchufan/Documents/obsidian/obsidian_mac/INBOX_收集箱/Hermes/DAILY_PROGRESS_20260917_073352.md
=== Run complete: 3/3 tasks passed ===
