=== Hermes daily progress run: 20260914_080433 ===
.                                                                        [100%]
.............................................                            [100%]
........................................................................ [ 22%]
........................................................................ [ 44%]
.........F
=================================== FAILURES ===================================
________________ TestLayers.test_session_memory_store_retrieve _________________

self = <agent.memory.tests.test_memory.TestLayers object at 0x104e88690>

    def test_session_memory_store_retrieve(self):
        mem = SessionMemory()
        ctx = SessionContext(session_id="s1", user_style="concise")
>       mem.store_session_context("s1", ctx)
        ^^^^^^^^^^^^^^^^^^^^^^^^^
E       AttributeError: 'SessionMemory' object has no attribute 'store_session_context'

agent/memory/tests/test_memory.py:61: AttributeError
=========================== short test summary info ============================
FAILED agent/memory/tests/test_memory.py::TestLayers::test_session_memory_store_retrieve
!!!!!!!!!!!!!!!!!!!!!!!!!! stopping after 1 failures !!!!!!!!!!!!!!!!!!!!!!!!!!!
Traceback (most recent call last):
  File "<stdin>", line 1, in <module>
  File "/Library/Frameworks/Python.framework/Versions/3.14/lib/python3.14/xml/etree/ElementTree.py", line 1214, in parse
    tree.parse(source, parser)
    ~~~~~~~~~~^^^^^^^^^^^^^^^^
  File "/Library/Frameworks/Python.framework/Versions/3.14/lib/python3.14/xml/etree/ElementTree.py", line 566, in parse
    source = open(source, "rb")
FileNotFoundError: [Errno 2] No such file or directory: '/Users/huchufan/Hermes/implementation/automation/coverage_daily_20260914_080433/coverage.xml'
