=== Hermes daily progress run: 20260914_073423 ===
implementation/automation/daily_progress_run.sh: line 16: pytest: command not found
implementation/automation/daily_progress_run.sh: line 17: pytest: command not found

==================================== ERRORS ====================================
______________ ERROR collecting agent/memory/tests/test_fusion.py ______________
/Library/Frameworks/Python.framework/Versions/3.14/lib/python3.14/site-packages/_pytest/python.py:507: in importtestmodule
    mod = import_path(
/Library/Frameworks/Python.framework/Versions/3.14/lib/python3.14/site-packages/_pytest/pathlib.py:587: in import_path
    importlib.import_module(module_name)
/Library/Frameworks/Python.framework/Versions/3.14/lib/python3.14/importlib/__init__.py:88: in import_module
    return _bootstrap._gcd_import(name[level:], package, level)
           ^^^^^^^^^^^^^^^^^^^^^^^^^^^^^^^^^^^^^^^^^^^^^^^^^^^^
<frozen importlib._bootstrap>:1406: in _gcd_import
    ???
<frozen importlib._bootstrap>:1371: in _find_and_load
    ???
<frozen importlib._bootstrap>:1314: in _find_and_load_unlocked
    ???
<frozen importlib._bootstrap>:491: in _call_with_frames_removed
    ???
<frozen importlib._bootstrap>:1406: in _gcd_import
    ???
<frozen importlib._bootstrap>:1371: in _find_and_load
    ???
<frozen importlib._bootstrap>:1314: in _find_and_load_unlocked
    ???
<frozen importlib._bootstrap>:491: in _call_with_frames_removed
    ???
<frozen importlib._bootstrap>:1406: in _gcd_import
    ???
<frozen importlib._bootstrap>:1371: in _find_and_load
    ???
<frozen importlib._bootstrap>:1342: in _find_and_load_unlocked
    ???
<frozen importlib._bootstrap>:938: in _load_unlocked
    ???
<frozen importlib._bootstrap_external>:759: in exec_module
    ???
<frozen importlib._bootstrap>:491: in _call_with_frames_removed
    ???
agent/memory/__init__.py:5: in <module>
    from agent.memory.core import *  # noqa: F401,F403
    ^^^^^^^^^^^^^^^^^^^^^^^^^^^^^^^
agent/memory/core/__init__.py:4: in <module>
    from .layers import (
E     File "/Users/huchufan/Hermes/agent/memory/core/layers.py", line 24
E       """Store into session storage and mirror into internal cache for tests."""
E       ^^^^^^^^^^^^^^^^^^^^^^^^^^^^^^^^^^^^^^^^^^^^^^^^^^^^^^^^^^^^^^^^^^^^^^^^^^
E   IndentationError: expected an indented block after function definition on line 23
=========================== short test summary info ============================
ERROR agent/memory/tests/test_fusion.py
!!!!!!!!!!!!!!!!!!!!!!!!!! stopping after 1 failures !!!!!!!!!!!!!!!!!!!!!!!!!!!
Traceback (most recent call last):
  File "<stdin>", line 1, in <module>
  File "/Library/Frameworks/Python.framework/Versions/3.14/lib/python3.14/xml/etree/ElementTree.py", line 1214, in parse
    tree.parse(source, parser)
    ~~~~~~~~~~^^^^^^^^^^^^^^^^
  File "/Library/Frameworks/Python.framework/Versions/3.14/lib/python3.14/xml/etree/ElementTree.py", line 566, in parse
    source = open(source, "rb")
FileNotFoundError: [Errno 2] No such file or directory: '/Users/huchufan/Hermes/implementation/automation/coverage_daily_20260914_073423/coverage.xml'
