=== Hermes daily progress run: 20260914_083745 ===
[Task 1] Multiagent health monitor tests...
.                                                                        [100%]
✓ Task 1 passed
[Task 2] Memory layer tests...
...............................................                          [100%]
✓ Task 2 passed
[Task 3] Full test coverage (conditional)...
........................................................................ [ 22%]
........................................................................ [ 44%]
........................................................................ [ 67%]
...............F.FFFF
=================================== FAILURES ===================================
__________________ test_topological_sort_and_cycle_detection ___________________

    def test_topological_sort_and_cycle_detection():
        d = DAG()
        for i in ['a','b','c']:
            d.add_node(Node(id=i))
        d.add_edge('a','b')
        d.add_edge('b','c')
>       order = d.topological_sort()
                ^^^^^^^^^^^^^^^^^^
E       AttributeError: 'DAG' object has no attribute 'topological_sort'

agent/orchestration/tests/test_dag_cover.py:28: AttributeError
___________________________ test_find_critical_path ____________________________

    def test_find_critical_path():
        d = DAG()
        for i in ['a','b','c','d','e']:
            d.add_node(Node(id=i))
        d.add_edge('a','b')
        d.add_edge('b','c')
        d.add_edge('a','d')
        d.add_edge('d','e')
>       path = d.find_critical_path()
               ^^^^^^^^^^^^^^^^^^^^
E       AttributeError: 'DAG' object has no attribute 'find_critical_path'

agent/orchestration/tests/test_dag_cover.py:60: AttributeError
_________________________ test_categorize_error_types __________________________

    def test_categorize_error_types():
        s = ErrorHandlingStrategy()
>       assert s.categorize_error(asyncio.TimeoutError()) == "TIMEOUT"
               ^^^^^^^^^^^^^^^^^^
E       AttributeError: 'ErrorHandlingStrategy' object has no attribute 'categorize_error'

agent/orchestration/tests/test_error_strategy_unit.py:12: AttributeError
_______________ test_select_recovery_strategy_retries_exhausted ________________

    def test_select_recovery_strategy_retries_exhausted():
>       s = ErrorHandlingStrategy(default_strategy='retry_on_transient')
            ^^^^^^^^^^^^^^^^^^^^^^^^^^^^^^^^^^^^^^^^^^^^^^^^^^^^^^^^^^^^
E       TypeError: ErrorHandlingStrategy.__init__() got an unexpected keyword argument 'default_strategy'

agent/orchestration/tests/test_error_strategy_unit.py:18: TypeError
_______________________ test_get_recovery_action_fields ________________________

    def test_get_recovery_action_fields():
        s = ErrorHandlingStrategy()
        strategy = {'action': 'FALLBACK', 'fallback_skill': 'alt'}
>       ra = s.get_recovery_action(strategy)
             ^^^^^^^^^^^^^^^^^^^^^
E       AttributeError: 'ErrorHandlingStrategy' object has no attribute 'get_recovery_action'

agent/orchestration/tests/test_error_strategy_unit.py:28: AttributeError
=============================== warnings summary ===============================
agent/multiagent/tests/test_coordination_cover.py::test_voting_and_weighted
  /Users/huchufan/Hermes/agent/multiagent/tests/test_coordination_cover.py:68: DeprecationWarning: 'asyncio.iscoroutinefunction' is deprecated and slated for removal in Python 3.16; use inspect.iscoroutinefunction() instead
    vote = asyncio.run(agg.voting_results([r1, r2, r3])) if asyncio.iscoroutinefunction(agg.voting_results) else agg.voting_results([r1, r2, r3])

-- Docs: https://docs.pytest.org/en/stable/how-to/capture-warnings.html
=========================== short test summary info ============================
FAILED agent/orchestration/tests/test_dag_cover.py::test_topological_sort_and_cycle_detection
FAILED agent/orchestration/tests/test_dag_cover.py::test_find_critical_path
FAILED agent/orchestration/tests/test_error_strategy_unit.py::test_categorize_error_types
FAILED agent/orchestration/tests/test_error_strategy_unit.py::test_select_recovery_strategy_retries_exhausted
FAILED agent/orchestration/tests/test_error_strategy_unit.py::test_get_recovery_action_fields
!!!!!!!!!!!!!!!!!!!!!!!!!! stopping after 5 failures !!!!!!!!!!!!!!!!!!!!!!!!!!!
✗ Task 3 failed (see details in /Users/huchufan/Hermes/implementation/automation/coverage_daily_20260914_083745/run.log)
Wrote daily note: /Users/huchufan/Documents/obsidian/obsidian_mac/INBOX_收集箱/Hermes/DAILY_PROGRESS_20260914_083745.md
=== Run complete: 2/3 tasks passed ===
