=== Hermes daily progress run: 20260914_082245 ===
.                                                                        [100%]
.............................................                            [100%]
........................................................................ [ 22%]
........................................................................ [ 44%]
....................F
=================================== FAILURES ===================================
_____________________________ test_user_model_init _____________________________

    def test_user_model_init():
        inst = UserModel()
>       assert inst.config == {}
               ^^^^^^^^^^^
E       AttributeError: 'UserModel' object has no attribute 'config'

agent/memory/tests/test_user_model.py:10: AttributeError
=========================== short test summary info ============================
FAILED agent/memory/tests/test_user_model.py::test_user_model_init - Attribut...
!!!!!!!!!!!!!!!!!!!!!!!!!! stopping after 1 failures !!!!!!!!!!!!!!!!!!!!!!!!!!!
Traceback (most recent call last):
  File "<stdin>", line 1, in <module>
  File "/Library/Frameworks/Python.framework/Versions/3.14/lib/python3.14/xml/etree/ElementTree.py", line 1214, in parse
    tree.parse(source, parser)
    ~~~~~~~~~~^^^^^^^^^^^^^^^^
  File "/Library/Frameworks/Python.framework/Versions/3.14/lib/python3.14/xml/etree/ElementTree.py", line 566, in parse
    source = open(source, "rb")
FileNotFoundError: [Errno 2] No such file or directory: '/Users/huchufan/Hermes/implementation/automation/coverage_daily_20260914_082245/coverage.xml'
