=== Hermes daily progress run: 20260914_081416 ===
.                                                                        [100%]
.......................F.....................                            [100%]
=================================== FAILURES ===================================
____________________ test_session_cache_eviction_on_expiry _____________________

    def test_session_cache_eviction_on_expiry():
        sm = SessionMemory(ttl=timedelta(seconds=1))
        rec = SessionRecord(session_id='s-evict', user_id='u-1', summary='')
        sm.store('s-evict', rec)
        # ensure cached
>       assert 's-evict' in sm.cache._cache
                            ^^^^^^^^^^^^^^^
E       AttributeError: 'LRUCache' object has no attribute '_cache'

agent/memory/tests/test_layers_session_coverage.py:15: AttributeError
=========================== short test summary info ============================
FAILED agent/memory/tests/test_layers_session_coverage.py::test_session_cache_eviction_on_expiry
........................................................................ [ 22%]
..................................................................F
=================================== FAILURES ===================================
____________________ test_session_cache_eviction_on_expiry _____________________

    def test_session_cache_eviction_on_expiry():
        sm = SessionMemory(ttl=timedelta(seconds=1))
        rec = SessionRecord(session_id='s-evict', user_id='u-1', summary='')
        sm.store('s-evict', rec)
        # ensure cached
>       assert 's-evict' in sm.cache._cache
                            ^^^^^^^^^^^^^^^
E       AttributeError: 'LRUCache' object has no attribute '_cache'

agent/memory/tests/test_layers_session_coverage.py:15: AttributeError
=========================== short test summary info ============================
FAILED agent/memory/tests/test_layers_session_coverage.py::test_session_cache_eviction_on_expiry
!!!!!!!!!!!!!!!!!!!!!!!!!! stopping after 1 failures !!!!!!!!!!!!!!!!!!!!!!!!!!!
Traceback (most recent call last):
  File "<stdin>", line 1, in <module>
  File "/Library/Frameworks/Python.framework/Versions/3.14/lib/python3.14/xml/etree/ElementTree.py", line 1214, in parse
    tree.parse(source, parser)
    ~~~~~~~~~~^^^^^^^^^^^^^^^^
  File "/Library/Frameworks/Python.framework/Versions/3.14/lib/python3.14/xml/etree/ElementTree.py", line 566, in parse
    source = open(source, "rb")
FileNotFoundError: [Errno 2] No such file or directory: '/Users/huchufan/Hermes/implementation/automation/coverage_daily_20260914_081416/coverage.xml'
