=== Hermes daily progress run: 20260914_083200 ===
.                                                                        [100%]
.............................................                            [100%]
........................................................................ [ 22%]
........................................................................ [ 44%]
........................................................................ [ 67%]
................F
=================================== FAILURES ===================================
___________________ test_get_execution_order_and_parallelism ___________________

    def test_get_execution_order_and_parallelism():
        d = DAG()
        for i in ['n1','n2','n3','n4']:
            d.add_node(Node(id=i))
        d.add_edge('n1','n3')
        d.add_edge('n2','n3')
        d.add_edge('n3','n4')
>       levels = d.get_execution_order()
                 ^^^^^^^^^^^^^^^^^^^^^
E       AttributeError: 'DAG' object has no attribute 'get_execution_order'

agent/orchestration/tests/test_dag_cover.py:44: AttributeError
=============================== warnings summary ===============================
agent/multiagent/tests/test_coordination_cover.py::test_voting_and_weighted
  /Users/huchufan/Hermes/agent/multiagent/tests/test_coordination_cover.py:68: DeprecationWarning: 'asyncio.iscoroutinefunction' is deprecated and slated for removal in Python 3.16; use inspect.iscoroutinefunction() instead
    vote = asyncio.run(agg.voting_results([r1, r2, r3])) if asyncio.iscoroutinefunction(agg.voting_results) else agg.voting_results([r1, r2, r3])

-- Docs: https://docs.pytest.org/en/stable/how-to/capture-warnings.html
=========================== short test summary info ============================
FAILED agent/orchestration/tests/test_dag_cover.py::test_get_execution_order_and_parallelism
!!!!!!!!!!!!!!!!!!!!!!!!!! stopping after 1 failures !!!!!!!!!!!!!!!!!!!!!!!!!!!
Traceback (most recent call last):
  File "<stdin>", line 1, in <module>
  File "/Library/Frameworks/Python.framework/Versions/3.14/lib/python3.14/xml/etree/ElementTree.py", line 1214, in parse
    tree.parse(source, parser)
    ~~~~~~~~~~^^^^^^^^^^^^^^^^
  File "/Library/Frameworks/Python.framework/Versions/3.14/lib/python3.14/xml/etree/ElementTree.py", line 566, in parse
    source = open(source, "rb")
FileNotFoundError: [Errno 2] No such file or directory: '/Users/huchufan/Hermes/implementation/automation/coverage_daily_20260914_083200/coverage.xml'
