=== Hermes daily progress run: 20260914_081946 ===
.                                                                        [100%]
.............................................                            [100%]

==================================== ERRORS ====================================
______________ ERROR collecting agent/memory/tests/test_memory.py ______________
ImportError while importing test module '/Users/huchufan/Hermes/agent/memory/tests/test_memory.py'.
Hint: make sure your test modules/packages have valid Python names.
Traceback:
/Library/Frameworks/Python.framework/Versions/3.14/lib/python3.14/importlib/__init__.py:88: in import_module
    return _bootstrap._gcd_import(name[level:], package, level)
           ^^^^^^^^^^^^^^^^^^^^^^^^^^^^^^^^^^^^^^^^^^^^^^^^^^^^
agent/memory/tests/test_memory.py:23: in <module>
    from agent.memory.core.user_model import UserModel, UserPreferenceModel
E   ImportError: cannot import name 'UserModel' from 'agent.memory.core.user_model' (/Users/huchufan/Hermes/agent/memory/core/user_model.py)
=========================== short test summary info ============================
ERROR agent/memory/tests/test_memory.py
!!!!!!!!!!!!!!!!!!!!!!!!!! stopping after 1 failures !!!!!!!!!!!!!!!!!!!!!!!!!!!
Traceback (most recent call last):
  File "<stdin>", line 1, in <module>
  File "/Library/Frameworks/Python.framework/Versions/3.14/lib/python3.14/xml/etree/ElementTree.py", line 1214, in parse
    tree.parse(source, parser)
    ~~~~~~~~~~^^^^^^^^^^^^^^^^
  File "/Library/Frameworks/Python.framework/Versions/3.14/lib/python3.14/xml/etree/ElementTree.py", line 566, in parse
    source = open(source, "rb")
FileNotFoundError: [Errno 2] No such file or directory: '/Users/huchufan/Hermes/implementation/automation/coverage_daily_20260914_081946/coverage.xml'
