=== Hermes daily progress run: 20260914_081904 ===
.                                                                        [100%]
.............................................                            [100%]
........................................................................ [ 22%]
........................................................................ [ 44%]
...............F
=================================== FAILURES ===================================
________________________ TestUserModel.test_preferences ________________________

self = <agent.memory.tests.test_memory.TestUserModel object at 0x10a2e0a50>

    def test_preferences(self):
        sessions = [
            SessionRecord(user_id="u1", user_preferences={"communication_style": "concise", "technical_level": "expert"}),
            SessionRecord(user_id="u1", user_preferences={"communication_style": "concise", "technical_level": "expert"}),
        ]
>       model = UserPreferenceModel()
                ^^^^^^^^^^^^^^^^^^^^^
E       TypeError: UserPreferenceModel.__init__() missing 2 required positional arguments: 'user_id' and 'prefs'

agent/memory/tests/test_memory.py:123: TypeError
=========================== short test summary info ============================
FAILED agent/memory/tests/test_memory.py::TestUserModel::test_preferences - T...
!!!!!!!!!!!!!!!!!!!!!!!!!! stopping after 1 failures !!!!!!!!!!!!!!!!!!!!!!!!!!!
Traceback (most recent call last):
  File "<stdin>", line 1, in <module>
  File "/Library/Frameworks/Python.framework/Versions/3.14/lib/python3.14/xml/etree/ElementTree.py", line 1214, in parse
    tree.parse(source, parser)
    ~~~~~~~~~~^^^^^^^^^^^^^^^^
  File "/Library/Frameworks/Python.framework/Versions/3.14/lib/python3.14/xml/etree/ElementTree.py", line 566, in parse
    source = open(source, "rb")
FileNotFoundError: [Errno 2] No such file or directory: '/Users/huchufan/Hermes/implementation/automation/coverage_daily_20260914_081904/coverage.xml'
